####################################################################################################
Interval
####################################################################################################
Cumulative:         Cycles:                  20000     Instructions:                  1200
DISPATCHED_INST                                              2208                          2208

DISPATCH_WAIT                                              161986                       73.3632

NUM_NO_FETCH_CYCLES                                             0                             0

AVG_CORE_IDLE_CYCLE                                         12345                         12345

NUM_SAMPLES_CORE_0                                           2855                          2855

NUM_ACTIVE_BLOCKS_CORE_0                                     2854                       0.99965

NUM_ACTIVE_THREADS_CORE_0                                   22832                        7.9972

NUM_SCHED_IDLE_CYCLE_CORE_0                                     0                             0

NUM_NO_SCHED_CYCLE_CORE_0                                    1330                          1330

CORE_DISPATCHED_INST_CORE_0                                   184                           184

CORE_DISPATCH_WAIT_CORE_0                                   14930                       81.1413

CORE_CYCLES_CORE_0                                              0                             0

CORE_SCHED_THREADS_CORE_0                                       0                           NaN

CORE_NUM_NO_FETCH_CYCLES_CORE_0                                 0                             0

CORE_NUM_NO_FETCH_CYCLES_WITH_READY_THREADS_CORE_0                   0                             0

CORE_NUM_FETCH_CYCLES_CORE_0                                    0                             0

CORE_FETCH_DELTA_CORE_0                                         0                           NaN

CORE_NUM_RETIRE_CYCLES_CORE_0                                   0                             0

CORE_RETIRE_DELTA_CORE_0                                        0                           NaN

SCHED_FAILED_REASON_SUCCESS_CORE_0                            210                       15.1079%
SCHED_FAILED_OPERANDS_NOT_READY_CORE_0                       1180                       84.8921%
SCHED_FAILED_NO_PORTS_CORE_0                                    0                             0%
                                                             1390                           100%

NUM_SAMPLES_CORE_1                                           1352                          1352

NUM_ACTIVE_BLOCKS_CORE_1                                     1351                       0.99926

NUM_ACTIVE_THREADS_CORE_1                                   10808                       7.99408

NUM_SCHED_IDLE_CYCLE_CORE_1                                     0                             0

NUM_NO_SCHED_CYCLE_CORE_1                                     578                           578

CORE_DISPATCHED_INST_CORE_1                                   184                           184

CORE_DISPATCH_WAIT_CORE_1                                   11100                       60.3261

CORE_CYCLES_CORE_1                                              0                             0

CORE_SCHED_THREADS_CORE_1                                       0                           NaN

CORE_NUM_NO_FETCH_CYCLES_CORE_1                                 0                             0

CORE_NUM_NO_FETCH_CYCLES_WITH_READY_THREADS_CORE_1                   0                             0

CORE_NUM_FETCH_CYCLES_CORE_1                                    0                             0

CORE_FETCH_DELTA_CORE_1                                         0                           NaN

CORE_NUM_RETIRE_CYCLES_CORE_1                                   0                             0

CORE_RETIRE_DELTA_CORE_1                                        0                           NaN

SCHED_FAILED_REASON_SUCCESS_CORE_1                            210                       17.1569%
SCHED_FAILED_OPERANDS_NOT_READY_CORE_1                       1014                       82.8431%
SCHED_FAILED_NO_PORTS_CORE_1                                    0                             0%
                                                             1224                           100%

NUM_SAMPLES_CORE_2                                           3022                          3022

NUM_ACTIVE_BLOCKS_CORE_2                                     3021                      0.999669

NUM_ACTIVE_THREADS_CORE_2                                   24168                       7.99735

NUM_SCHED_IDLE_CYCLE_CORE_2                                     0                             0

NUM_NO_SCHED_CYCLE_CORE_2                                    1398                          1398

CORE_DISPATCHED_INST_CORE_2                                   184                           184

CORE_DISPATCH_WAIT_CORE_2                                   12068                        65.587

CORE_CYCLES_CORE_2                                              0                             0

CORE_SCHED_THREADS_CORE_2                                       0                           NaN

CORE_NUM_NO_FETCH_CYCLES_CORE_2                                 0                             0

CORE_NUM_NO_FETCH_CYCLES_WITH_READY_THREADS_CORE_2                   0                             0

CORE_NUM_FETCH_CYCLES_CORE_2                                    0                             0

CORE_FETCH_DELTA_CORE_2                                         0                           NaN

CORE_NUM_RETIRE_CYCLES_CORE_2                                   0                             0

CORE_RETIRE_DELTA_CORE_2                                        0                           NaN

SCHED_FAILED_REASON_SUCCESS_CORE_2                            210                       21.3849%
SCHED_FAILED_OPERANDS_NOT_READY_CORE_2                        772                       78.6151%
SCHED_FAILED_NO_PORTS_CORE_2                                    0                             0%
                                                              982                           100%

NUM_SAMPLES_CORE_3                                           1519                          1519

NUM_ACTIVE_BLOCKS_CORE_3                                     1518                      0.999342

NUM_ACTIVE_THREADS_CORE_3                                   12144                       7.99473

NUM_SCHED_IDLE_CYCLE_CORE_3                                     0                             0

NUM_NO_SCHED_CYCLE_CORE_3                                     644                           644

CORE_DISPATCHED_INST_CORE_3                                   184                           184

CORE_DISPATCH_WAIT_CORE_3                                   10364                       56.3261

CORE_CYCLES_CORE_3                                              0                             0

CORE_SCHED_THREADS_CORE_3                                       0                           NaN

CORE_NUM_NO_FETCH_CYCLES_CORE_3                                 0                             0

CORE_NUM_NO_FETCH_CYCLES_WITH_READY_THREADS_CORE_3                   0                             0

CORE_NUM_FETCH_CYCLES_CORE_3                                    0                             0

CORE_FETCH_DELTA_CORE_3                                         0                           NaN

CORE_NUM_RETIRE_CYCLES_CORE_3                                   0                             0

CORE_RETIRE_DELTA_CORE_3                                        0                           NaN

SCHED_FAILED_REASON_SUCCESS_CORE_3                            206                       19.6753%
SCHED_FAILED_OPERANDS_NOT_READY_CORE_3                        841                       80.3247%
SCHED_FAILED_NO_PORTS_CORE_3                                    0                             0%
                                                             1047                           100%

NUM_SAMPLES_CORE_4                                           1686                          1686

NUM_ACTIVE_BLOCKS_CORE_4                                     1685                      0.999407

NUM_ACTIVE_THREADS_CORE_4                                   13480                       7.99525

NUM_SCHED_IDLE_CYCLE_CORE_4                                     0                             0

NUM_NO_SCHED_CYCLE_CORE_4                                     743                           743

CORE_DISPATCHED_INST_CORE_4                                   184                           184

CORE_DISPATCH_WAIT_CORE_4                                   13444                       73.0652

CORE_CYCLES_CORE_4                                              0                             0

CORE_SCHED_THREADS_CORE_4                                       0                           NaN

CORE_NUM_NO_FETCH_CYCLES_CORE_4                                 0                             0

CORE_NUM_NO_FETCH_CYCLES_WITH_READY_THREADS_CORE_4                   0                             0

CORE_NUM_FETCH_CYCLES_CORE_4                                    0                             0

CORE_FETCH_DELTA_CORE_4                                         0                           NaN

CORE_NUM_RETIRE_CYCLES_CORE_4                                   0                             0

CORE_RETIRE_DELTA_CORE_4                                        0                           NaN

SCHED_FAILED_REASON_SUCCESS_CORE_4                            210                       19.1781%
SCHED_FAILED_OPERANDS_NOT_READY_CORE_4                        885                       80.8219%
SCHED_FAILED_NO_PORTS_CORE_4                                    0                             0%
                                                             1095                           100%

NUM_SAMPLES_CORE_5                                           1853                          1853

NUM_ACTIVE_BLOCKS_CORE_5                                     1852                       0.99946

NUM_ACTIVE_THREADS_CORE_5                                   14816                       7.99568

NUM_SCHED_IDLE_CYCLE_CORE_5                                     0                             0

NUM_NO_SCHED_CYCLE_CORE_5                                     811                           811

CORE_DISPATCHED_INST_CORE_5                                   184                           184

CORE_DISPATCH_WAIT_CORE_5                                   13466                       73.1848

CORE_CYCLES_CORE_5                                              0                             0

CORE_SCHED_THREADS_CORE_5                                       0                           NaN

CORE_NUM_NO_FETCH_CYCLES_CORE_5                                 0                             0

CORE_NUM_NO_FETCH_CYCLES_WITH_READY_THREADS_CORE_5                   0                             0

CORE_NUM_FETCH_CYCLES_CORE_5                                    0                             0

CORE_FETCH_DELTA_CORE_5                                         0                           NaN

CORE_NUM_RETIRE_CYCLES_CORE_5                                   0                             0

CORE_RETIRE_DELTA_CORE_5                                        0                           NaN

SCHED_FAILED_REASON_SUCCESS_CORE_5                            206                       16.4537%
SCHED_FAILED_OPERANDS_NOT_READY_CORE_5                       1046                       83.5463%
SCHED_FAILED_NO_PORTS_CORE_5                                    0                             0%
                                                             1252                           100%

NUM_SAMPLES_CORE_6                                           2020                          2020

NUM_ACTIVE_BLOCKS_CORE_6                                     2019                      0.999505

NUM_ACTIVE_THREADS_CORE_6                                   16152                       7.99604

NUM_SCHED_IDLE_CYCLE_CORE_6                                     0                             0

NUM_NO_SCHED_CYCLE_CORE_6                                     912                           912

CORE_DISPATCHED_INST_CORE_6                                   184                           184

CORE_DISPATCH_WAIT_CORE_6                                   13810                       75.0543

CORE_CYCLES_CORE_6                                              0                             0

CORE_SCHED_THREADS_CORE_6                                       0                           NaN

CORE_NUM_NO_FETCH_CYCLES_CORE_6                                 0                             0

CORE_NUM_NO_FETCH_CYCLES_WITH_READY_THREADS_CORE_6                   0                             0

CORE_NUM_FETCH_CYCLES_CORE_6                                    0                             0

CORE_FETCH_DELTA_CORE_6                                         0                           NaN

CORE_NUM_RETIRE_CYCLES_CORE_6                                   0                             0

CORE_RETIRE_DELTA_CORE_6                                        0                           NaN

SCHED_FAILED_REASON_SUCCESS_CORE_6                            210                       16.4319%
SCHED_FAILED_OPERANDS_NOT_READY_CORE_6                       1068                       83.5681%
SCHED_FAILED_NO_PORTS_CORE_6                                    0                             0%
                                                             1278                           100%

NUM_SAMPLES_CORE_7                                           2187                          2187

NUM_ACTIVE_BLOCKS_CORE_7                                     2186                      0.999543

NUM_ACTIVE_THREADS_CORE_7                                   17488                       7.99634

NUM_SCHED_IDLE_CYCLE_CORE_7                                     0                             0

NUM_NO_SCHED_CYCLE_CORE_7                                     978                           978

CORE_DISPATCHED_INST_CORE_7                                   184                           184

CORE_DISPATCH_WAIT_CORE_7                                   13946                       75.7935

CORE_CYCLES_CORE_7                                              0                             0

CORE_SCHED_THREADS_CORE_7                                       0                           NaN

CORE_NUM_NO_FETCH_CYCLES_CORE_7                                 0                             0

CORE_NUM_NO_FETCH_CYCLES_WITH_READY_THREADS_CORE_7                   0                             0

CORE_NUM_FETCH_CYCLES_CORE_7                                    0                             0

CORE_FETCH_DELTA_CORE_7                                         0                           NaN

CORE_NUM_RETIRE_CYCLES_CORE_7                                   0                             0

CORE_RETIRE_DELTA_CORE_7                                        0                           NaN

SCHED_FAILED_REASON_SUCCESS_CORE_7                            206                       15.8462%
SCHED_FAILED_OPERANDS_NOT_READY_CORE_7                       1094                       84.1538%
SCHED_FAILED_NO_PORTS_CORE_7                                    0                             0%
                                                             1300                           100%

NUM_SAMPLES_CORE_8                                           2354                          2354

NUM_ACTIVE_BLOCKS_CORE_8                                     2353                      0.999575

NUM_ACTIVE_THREADS_CORE_8                                   18824                        7.9966

NUM_SCHED_IDLE_CYCLE_CORE_8                                     0                             0

NUM_NO_SCHED_CYCLE_CORE_8                                    1079                          1079

CORE_DISPATCHED_INST_CORE_8                                   184                           184

CORE_DISPATCH_WAIT_CORE_8                                   14290                        77.663

CORE_CYCLES_CORE_8                                              0                             0

CORE_SCHED_THREADS_CORE_8                                       0                           NaN

CORE_NUM_NO_FETCH_CYCLES_CORE_8                                 0                             0

CORE_NUM_NO_FETCH_CYCLES_WITH_READY_THREADS_CORE_8                   0                             0

CORE_NUM_FETCH_CYCLES_CORE_8                                    0                             0

CORE_FETCH_DELTA_CORE_8                                         0                           NaN

CORE_NUM_RETIRE_CYCLES_CORE_8                                   0                             0

CORE_RETIRE_DELTA_CORE_8                                        0                           NaN

SCHED_FAILED_REASON_SUCCESS_CORE_8                            210                       15.8371%
SCHED_FAILED_OPERANDS_NOT_READY_CORE_8                       1116                       84.1629%
SCHED_FAILED_NO_PORTS_CORE_8                                    0                             0%
                                                             1326                           100%

NUM_SAMPLES_CORE_9                                           2521                          2521

NUM_ACTIVE_BLOCKS_CORE_9                                     2520                      0.999603

NUM_ACTIVE_THREADS_CORE_9                                   20160                       7.99683

NUM_SCHED_IDLE_CYCLE_CORE_9                                     0                             0

NUM_NO_SCHED_CYCLE_CORE_9                                    1145                          1145

CORE_DISPATCHED_INST_CORE_9                                   184                           184

CORE_DISPATCH_WAIT_CORE_9                                   14426                       78.4022

CORE_CYCLES_CORE_9                                              0                             0

CORE_SCHED_THREADS_CORE_9                                       0                           NaN

CORE_NUM_NO_FETCH_CYCLES_CORE_9                                 0                             0

CORE_NUM_NO_FETCH_CYCLES_WITH_READY_THREADS_CORE_9                   0                             0

CORE_NUM_FETCH_CYCLES_CORE_9                                    0                             0

CORE_FETCH_DELTA_CORE_9                                         0                           NaN

CORE_NUM_RETIRE_CYCLES_CORE_9                                   0                             0

CORE_RETIRE_DELTA_CORE_9                                        0                           NaN

SCHED_FAILED_REASON_SUCCESS_CORE_9                            206                       15.2819%
SCHED_FAILED_OPERANDS_NOT_READY_CORE_9                       1142                       84.7181%
SCHED_FAILED_NO_PORTS_CORE_9                                    0                             0%
                                                             1348                           100%

NUM_SAMPLES_CORE_10                                          2688                          2688

NUM_ACTIVE_BLOCKS_CORE_10                                    2687                      0.999628

NUM_ACTIVE_THREADS_CORE_10                                  21496                       7.99702

NUM_SCHED_IDLE_CYCLE_CORE_10                                    0                             0

NUM_NO_SCHED_CYCLE_CORE_10                                   1246                          1246

CORE_DISPATCHED_INST_CORE_10                                  184                           184

CORE_DISPATCH_WAIT_CORE_10                                  14770                       80.2717

CORE_CYCLES_CORE_10                                             0                             0

CORE_SCHED_THREADS_CORE_10                                      0                           NaN

CORE_NUM_NO_FETCH_CYCLES_CORE_10                                0                             0

CORE_NUM_NO_FETCH_CYCLES_WITH_READY_THREADS_CORE_10                   0                             0

CORE_NUM_FETCH_CYCLES_CORE_10                                   0                             0

CORE_FETCH_DELTA_CORE_10                                        0                           NaN

CORE_NUM_RETIRE_CYCLES_CORE_10                                  0                             0

CORE_RETIRE_DELTA_CORE_10                                       0                           NaN

SCHED_FAILED_REASON_SUCCESS_CORE_10                           210                       15.2838%
SCHED_FAILED_OPERANDS_NOT_READY_CORE_10                      1164                       84.7162%
SCHED_FAILED_NO_PORTS_CORE_10                                   0                             0%
                                                             1374                           100%

NUM_SAMPLES_CORE_11                                          3189                          3189

NUM_ACTIVE_BLOCKS_CORE_11                                    3188                      0.999686

NUM_ACTIVE_THREADS_CORE_11                                  25504                       7.99749

NUM_SCHED_IDLE_CYCLE_CORE_11                                    0                             0

NUM_NO_SCHED_CYCLE_CORE_11                                   1481                          1481

CORE_DISPATCHED_INST_CORE_11                                  184                           184

CORE_DISPATCH_WAIT_CORE_11                                  15372                       83.5435

CORE_CYCLES_CORE_11                                             0                             0

CORE_SCHED_THREADS_CORE_11                                      0                           NaN

CORE_NUM_NO_FETCH_CYCLES_CORE_11                                0                             0

CORE_NUM_NO_FETCH_CYCLES_WITH_READY_THREADS_CORE_11                   0                             0

CORE_NUM_FETCH_CYCLES_CORE_11                                   0                             0

CORE_FETCH_DELTA_CORE_11                                        0                           NaN

CORE_NUM_RETIRE_CYCLES_CORE_11                                  0                             0

CORE_RETIRE_DELTA_CORE_11                                       0                           NaN

SCHED_FAILED_REASON_SUCCESS_CORE_11                           206                       16.7344%
SCHED_FAILED_OPERANDS_NOT_READY_CORE_11                      1025                       83.2656%
SCHED_FAILED_NO_PORTS_CORE_11                                   0                             0%
                                                             1231                           100%

NUM_SAMPLES_CORE_12                                             0                             0

NUM_ACTIVE_BLOCKS_CORE_12                                       0                           NaN

NUM_ACTIVE_THREADS_CORE_12                                      0                           NaN

NUM_SCHED_IDLE_CYCLE_CORE_12                                    0                             0

NUM_NO_SCHED_CYCLE_CORE_12                                      0                             0

CORE_DISPATCHED_INST_CORE_12                                    0                             0

CORE_DISPATCH_WAIT_CORE_12                                      0                           NaN

CORE_CYCLES_CORE_12                                             0                             0

CORE_SCHED_THREADS_CORE_12                                      0                           NaN

CORE_NUM_NO_FETCH_CYCLES_CORE_12                                0                             0

CORE_NUM_NO_FETCH_CYCLES_WITH_READY_THREADS_CORE_12                   0                             0

CORE_NUM_FETCH_CYCLES_CORE_12                                   0                             0

CORE_FETCH_DELTA_CORE_12                                        0                           NaN

CORE_NUM_RETIRE_CYCLES_CORE_12                                  0                             0

CORE_RETIRE_DELTA_CORE_12                                       0                           NaN

SCHED_FAILED_REASON_SUCCESS_CORE_12                             0                          NaN 
SCHED_FAILED_OPERANDS_NOT_READY_CORE_12                         0                          NaN 
SCHED_FAILED_NO_PORTS_CORE_12                                   0                          NaN 
                                                                0                           100%

NUM_SAMPLES_CORE_13                                             0                             0

NUM_ACTIVE_BLOCKS_CORE_13                                       0                           NaN

NUM_ACTIVE_THREADS_CORE_13                                      0                           NaN

NUM_SCHED_IDLE_CYCLE_CORE_13                                    0                             0

NUM_NO_SCHED_CYCLE_CORE_13                                      0                             0

CORE_DISPATCHED_INST_CORE_13                                    0                             0

CORE_DISPATCH_WAIT_CORE_13                                      0                           NaN

CORE_CYCLES_CORE_13                                             0                             0

CORE_SCHED_THREADS_CORE_13                                      0                           NaN

CORE_NUM_NO_FETCH_CYCLES_CORE_13                                0                             0

CORE_NUM_NO_FETCH_CYCLES_WITH_READY_THREADS_CORE_13                   0                             0

CORE_NUM_FETCH_CYCLES_CORE_13                                   0                             0

CORE_FETCH_DELTA_CORE_13                                        0                           NaN

CORE_NUM_RETIRE_CYCLES_CORE_13                                  0                             0

CORE_RETIRE_DELTA_CORE_13                                       0                           NaN

SCHED_FAILED_REASON_SUCCESS_CORE_13                             0                          NaN 
SCHED_FAILED_OPERANDS_NOT_READY_CORE_13                         0                          NaN 
SCHED_FAILED_NO_PORTS_CORE_13                                   0                          NaN 
                                                                0                           100%

NUM_SAMPLES_CORE_14                                             0                             0

NUM_ACTIVE_BLOCKS_CORE_14                                       0                           NaN

NUM_ACTIVE_THREADS_CORE_14                                      0                           NaN

NUM_SCHED_IDLE_CYCLE_CORE_14                                    0                             0

NUM_NO_SCHED_CYCLE_CORE_14                                      0                             0

CORE_DISPATCHED_INST_CORE_14                                    0                             0

CORE_DISPATCH_WAIT_CORE_14                                      0                           NaN

CORE_CYCLES_CORE_14                                             0                             0

CORE_SCHED_THREADS_CORE_14                                      0                           NaN

CORE_NUM_NO_FETCH_CYCLES_CORE_14                                0                             0

CORE_NUM_NO_FETCH_CYCLES_WITH_READY_THREADS_CORE_14                   0                             0

CORE_NUM_FETCH_CYCLES_CORE_14                                   0                             0

CORE_FETCH_DELTA_CORE_14                                        0                           NaN

CORE_NUM_RETIRE_CYCLES_CORE_14                                  0                             0

CORE_RETIRE_DELTA_CORE_14                                       0                           NaN

SCHED_FAILED_REASON_SUCCESS_CORE_14                             0                          NaN 
SCHED_FAILED_OPERANDS_NOT_READY_CORE_14                         0                          NaN 
SCHED_FAILED_NO_PORTS_CORE_14                                   0                          NaN 
                                                                0                           100%

NUM_SAMPLES_CORE_15                                             0                             0

NUM_ACTIVE_BLOCKS_CORE_15                                       0                           NaN

NUM_ACTIVE_THREADS_CORE_15                                      0                           NaN

NUM_SCHED_IDLE_CYCLE_CORE_15                                    0                             0

NUM_NO_SCHED_CYCLE_CORE_15                                      0                             0

CORE_DISPATCHED_INST_CORE_15                                    0                             0

CORE_DISPATCH_WAIT_CORE_15                                      0                           NaN

CORE_CYCLES_CORE_15                                             0                             0

CORE_SCHED_THREADS_CORE_15                                      0                           NaN

CORE_NUM_NO_FETCH_CYCLES_CORE_15                                0                             0

CORE_NUM_NO_FETCH_CYCLES_WITH_READY_THREADS_CORE_15                   0                             0

CORE_NUM_FETCH_CYCLES_CORE_15                                   0                             0

CORE_FETCH_DELTA_CORE_15                                        0                           NaN

CORE_NUM_RETIRE_CYCLES_CORE_15                                  0                             0

CORE_RETIRE_DELTA_CORE_15                                       0                           NaN

SCHED_FAILED_REASON_SUCCESS_CORE_15                             0                          NaN 
SCHED_FAILED_OPERANDS_NOT_READY_CORE_15                         0                          NaN 
SCHED_FAILED_NO_PORTS_CORE_15                                   0                          NaN 
                                                                0                           100%

