####################################################################################################
Interval
####################################################################################################
Cumulative:         Cycles:                  20000     Instructions:                  1200
DRAM_PRECHARGE                                                  0                             0

DRAM_ACTIVATE                                                   0                             0

DRAM_COLUMN                                                     0                             0

DRAM_AVG_LATENCY_BASE                                           0                             0

DRAM_AVG_LATENCY                                                0                           NaN

BANDWIDTH_TOT                                                   0                             0

DRAM_CHANNEL0_BANDWIDTH_SATURATED                               0                             0

DRAM_CHANNEL1_BANDWIDTH_SATURATED                               0                             0

DRAM_CHANNEL2_BANDWIDTH_SATURATED                               0                             0

DRAM_CHANNEL3_BANDWIDTH_SATURATED                               0                             0

DRAM_CHANNEL4_BANDWIDTH_SATURATED                               0                             0

DRAM_CHANNEL5_BANDWIDTH_SATURATED                               0                             0

DRAM_CHANNEL6_BANDWIDTH_SATURATED                               0                             0

DRAM_CHANNEL7_BANDWIDTH_SATURATED                               0                             0

DRAM_CHANNEL0_DBUS_IDLE                                      9570                          9570

DRAM_CHANNEL1_DBUS_IDLE                                         0                             0

DRAM_CHANNEL2_DBUS_IDLE                                         0                             0

DRAM_CHANNEL3_DBUS_IDLE                                         0                             0

DRAM_CHANNEL4_DBUS_IDLE                                         0                             0

DRAM_CHANNEL5_DBUS_IDLE                                         0                             0

DRAM_CHANNEL6_DBUS_IDLE                                         0                             0

DRAM_CHANNEL7_DBUS_IDLE                                         0                             0

