Performing an OpenMP reduction...
Value of reduction is: 523776.000000
CORE ID: 0 PROCESSED AN EXIT EVENT

Ariel Memory Management Statistics:
Page Table Sizes:
Page Table Coverages:
Simulation is complete, simulated time: 272.804 us
