Configuring Ariel processor model (12 cores)...
Configuring OMP_NUM_THREADS, set to 12
Configuring ring network...
Configuring core and memory controller group 0...
Creating active core 0 in group 0
Creating active core 1 in group 0
Creating active core 2 in group 0
Creating L3 cache block: 0 in group: 0
Creating L3 cache block: 1 in group: 0
Creating L3 cache block: 2 in group: 0
Creating L3 cache block: 3 in group: 0
Creating L3 cache block: 4 in group: 0
Configuring core and memory controller group 1...
Creating active core 0 in group 1
Creating active core 1 in group 1
Creating active core 2 in group 1
Creating L3 cache block: 0 in group: 1
Creating L3 cache block: 1 in group: 1
Creating L3 cache block: 2 in group: 1
Creating L3 cache block: 3 in group: 1
Creating L3 cache block: 4 in group: 1
Configuring core and memory controller group 2...
Creating active core 0 in group 2
Creating active core 1 in group 2
Creating active core 2 in group 2
Creating L3 cache block: 0 in group: 2
Creating L3 cache block: 1 in group: 2
Creating L3 cache block: 2 in group: 2
Creating L3 cache block: 3 in group: 2
Creating L3 cache block: 4 in group: 2
Configuring core and memory controller group 3...
Creating active core 0 in group 3
Creating active core 1 in group 3
Creating active core 2 in group 3
Creating L3 cache block: 0 in group: 3
Creating L3 cache block: 1 in group: 3
Creating L3 cache block: 2 in group: 3
Creating L3 cache block: 3 in group: 3
Creating L3 cache block: 4 in group: 3
Completed configuring the SST Sandy Bridge model
l1cache_0, **WARNING** The 'statistics' parameter is deprecated: memHierarchy statistics have been moved to the Statistics API. Please see sstinfo for available statistics and update your configuration accordingly.
NO statistics will be printed otherwise!
l2cache_0, **WARNING** The 'statistics' parameter is deprecated: memHierarchy statistics have been moved to the Statistics API. Please see sstinfo for available statistics and update your configuration accordingly.
NO statistics will be printed otherwise!
l1cache_1, **WARNING** The 'statistics' parameter is deprecated: memHierarchy statistics have been moved to the Statistics API. Please see sstinfo for available statistics and update your configuration accordingly.
NO statistics will be printed otherwise!
l2cache_1, **WARNING** The 'statistics' parameter is deprecated: memHierarchy statistics have been moved to the Statistics API. Please see sstinfo for available statistics and update your configuration accordingly.
NO statistics will be printed otherwise!
l1cache_2, **WARNING** The 'statistics' parameter is deprecated: memHierarchy statistics have been moved to the Statistics API. Please see sstinfo for available statistics and update your configuration accordingly.
NO statistics will be printed otherwise!
l2cache_2, **WARNING** The 'statistics' parameter is deprecated: memHierarchy statistics have been moved to the Statistics API. Please see sstinfo for available statistics and update your configuration accordingly.
NO statistics will be printed otherwise!
memory_0, **WARNING** The 'statistics' parameter is deprecated: memHierarchy statistics have been moved to the Statistics API. Please see sstinfo to view available statistics and update your configuration accordingly.
NO statistics will be printed otherwise!
**WARNING** The 'statistics' parameter is deprecated: memHierarchy statistics have been moved to the Statistics API. Please see sstinfo to view available statistics and update your configuration accordingly.
NO statistics will be printed otherwise!
l1cache_3, **WARNING** The 'statistics' parameter is deprecated: memHierarchy statistics have been moved to the Statistics API. Please see sstinfo for available statistics and update your configuration accordingly.
NO statistics will be printed otherwise!
l2cache_3, **WARNING** The 'statistics' parameter is deprecated: memHierarchy statistics have been moved to the Statistics API. Please see sstinfo for available statistics and update your configuration accordingly.
NO statistics will be printed otherwise!
l1cache_4, **WARNING** The 'statistics' parameter is deprecated: memHierarchy statistics have been moved to the Statistics API. Please see sstinfo for available statistics and update your configuration accordingly.
NO statistics will be printed otherwise!
l2cache_4, **WARNING** The 'statistics' parameter is deprecated: memHierarchy statistics have been moved to the Statistics API. Please see sstinfo for available statistics and update your configuration accordingly.
NO statistics will be printed otherwise!
l1cache_5, **WARNING** The 'statistics' parameter is deprecated: memHierarchy statistics have been moved to the Statistics API. Please see sstinfo for available statistics and update your configuration accordingly.
NO statistics will be printed otherwise!
l2cache_5, **WARNING** The 'statistics' parameter is deprecated: memHierarchy statistics have been moved to the Statistics API. Please see sstinfo for available statistics and update your configuration accordingly.
NO statistics will be printed otherwise!
memory_1, **WARNING** The 'statistics' parameter is deprecated: memHierarchy statistics have been moved to the Statistics API. Please see sstinfo to view available statistics and update your configuration accordingly.
NO statistics will be printed otherwise!
**WARNING** The 'statistics' parameter is deprecated: memHierarchy statistics have been moved to the Statistics API. Please see sstinfo to view available statistics and update your configuration accordingly.
NO statistics will be printed otherwise!
l1cache_6, **WARNING** The 'statistics' parameter is deprecated: memHierarchy statistics have been moved to the Statistics API. Please see sstinfo for available statistics and update your configuration accordingly.
NO statistics will be printed otherwise!
l2cache_6, **WARNING** The 'statistics' parameter is deprecated: memHierarchy statistics have been moved to the Statistics API. Please see sstinfo for available statistics and update your configuration accordingly.
NO statistics will be printed otherwise!
l1cache_7, **WARNING** The 'statistics' parameter is deprecated: memHierarchy statistics have been moved to the Statistics API. Please see sstinfo for available statistics and update your configuration accordingly.
NO statistics will be printed otherwise!
l2cache_7, **WARNING** The 'statistics' parameter is deprecated: memHierarchy statistics have been moved to the Statistics API. Please see sstinfo for available statistics and update your configuration accordingly.
NO statistics will be printed otherwise!
l1cache_8, **WARNING** The 'statistics' parameter is deprecated: memHierarchy statistics have been moved to the Statistics API. Please see sstinfo for available statistics and update your configuration accordingly.
NO statistics will be printed otherwise!
l2cache_8, **WARNING** The 'statistics' parameter is deprecated: memHierarchy statistics have been moved to the Statistics API. Please see sstinfo for available statistics and update your configuration accordingly.
NO statistics will be printed otherwise!
memory_2, **WARNING** The 'statistics' parameter is deprecated: memHierarchy statistics have been moved to the Statistics API. Please see sstinfo to view available statistics and update your configuration accordingly.
NO statistics will be printed otherwise!
**WARNING** The 'statistics' parameter is deprecated: memHierarchy statistics have been moved to the Statistics API. Please see sstinfo to view available statistics and update your configuration accordingly.
NO statistics will be printed otherwise!
l1cache_9, **WARNING** The 'statistics' parameter is deprecated: memHierarchy statistics have been moved to the Statistics API. Please see sstinfo for available statistics and update your configuration accordingly.
NO statistics will be printed otherwise!
l2cache_9, **WARNING** The 'statistics' parameter is deprecated: memHierarchy statistics have been moved to the Statistics API. Please see sstinfo for available statistics and update your configuration accordingly.
NO statistics will be printed otherwise!
l1cache_10, **WARNING** The 'statistics' parameter is deprecated: memHierarchy statistics have been moved to the Statistics API. Please see sstinfo for available statistics and update your configuration accordingly.
NO statistics will be printed otherwise!
l2cache_10, **WARNING** The 'statistics' parameter is deprecated: memHierarchy statistics have been moved to the Statistics API. Please see sstinfo for available statistics and update your configuration accordingly.
NO statistics will be printed otherwise!
l1cache_11, **WARNING** The 'statistics' parameter is deprecated: memHierarchy statistics have been moved to the Statistics API. Please see sstinfo for available statistics and update your configuration accordingly.
NO statistics will be printed otherwise!
l2cache_11, **WARNING** The 'statistics' parameter is deprecated: memHierarchy statistics have been moved to the Statistics API. Please see sstinfo for available statistics and update your configuration accordingly.
NO statistics will be printed otherwise!
memory_3, **WARNING** The 'statistics' parameter is deprecated: memHierarchy statistics have been moved to the Statistics API. Please see sstinfo to view available statistics and update your configuration accordingly.
NO statistics will be printed otherwise!
**WARNING** The 'statistics' parameter is deprecated: memHierarchy statistics have been moved to the Statistics API. Please see sstinfo to view available statistics and update your configuration accordingly.
NO statistics will be printed otherwise!
7 Performing iteration 0
4 Performing iteration 0
0 Performing iteration 0
9 Performing iteration 0
3 Performing iteration 0
6 Performing iteration 0
2 Performing iteration 0
1 Performing iteration 0
5 Performing iteration 0
8 Performing iteration 0
11 Performing iteration 0
10 Performing iteration 0
4 Performing iteration 1
5 Performing iteration 1
1 Performing iteration 1
7 Performing iteration 1
3 Performing iteration 1
0 Performing iteration 1
9 Performing iteration 1
10 Performing iteration 1
8 Performing iteration 1
6 Performing iteration 1
11 Performing iteration 1
2 Performing iteration 1
2 Performing iteration 2
10 Performing iteration 2
1 Performing iteration 2
4 Performing iteration 2
3 Performing iteration 2
5 Performing iteration 2
6 Performing iteration 2
8 Performing iteration 2
9 Performing iteration 2
7 Performing iteration 2
0 Performing iteration 2
11 Performing iteration 2
0 Performing iteration 3
10 Performing iteration 3
11 Performing iteration 3
2 Performing iteration 3
4 Performing iteration 3
6 Performing iteration 3
5 Performing iteration 3
9 Performing iteration 3
8 Performing iteration 3
1 Performing iteration 3
3 Performing iteration 3
7 Performing iteration 3
8 Performing iteration 4
4 Performing iteration 4
5 Performing iteration 4
10 Performing iteration 4
1 Performing iteration 4
11 Performing iteration 4
3 Performing iteration 4
0 Performing iteration 4
2 Performing iteration 4
6 Performing iteration 4
7 Performing iteration 4
9 Performing iteration 4
3 Performing iteration 5
4 Performing iteration 5
6 Performing iteration 5
7 Performing iteration 5
10 Performing iteration 5
0 Performing iteration 5
5 Performing iteration 5
2 Performing iteration 5
8 Performing iteration 5
11 Performing iteration 5
9 Performing iteration 5
1 Performing iteration 5
5 Performing iteration 6
11 Performing iteration 6
4 Performing iteration 6
7 Performing iteration 6
6 Performing iteration 6
0 Performing iteration 6
3 Performing iteration 6
1 Performing iteration 6
2 Performing iteration 6
9 Performing iteration 6
10 Performing iteration 6
8 Performing iteration 6
11 Performing iteration 7
3 Performing iteration 7
0 Performing iteration 7
7 Performing iteration 7
5 Performing iteration 7
6 Performing iteration 7
10 Performing iteration 7
9 Performing iteration 7
8 Performing iteration 7
1 Performing iteration 7
2 Performing iteration 7
4 Performing iteration 7
8 Performing iteration 8
1 Performing iteration 8
3 Performing iteration 8
5 Performing iteration 8
0 Performing iteration 8
10 Performing iteration 8
11 Performing iteration 8
9 Performing iteration 8
2 Performing iteration 8
4 Performing iteration 8
7 Performing iteration 8
6 Performing iteration 8
1 Performing iteration 9
5 Performing iteration 9
8 Performing iteration 9
2 Performing iteration 9
11 Performing iteration 9
10 Performing iteration 9
4 Performing iteration 9
7 Performing iteration 9
3 Performing iteration 9
9 Performing iteration 9
0 Performing iteration 9
6 Performing iteration 9
10 Performing iteration 10
8 Performing iteration 10
4 Performing iteration 10
9 Performing iteration 10
11 Performing iteration 10
1 Performing iteration 10
2 Performing iteration 10
3 Performing iteration 10
5 Performing iteration 10
0 Performing iteration 10
6 Performing iteration 10
7 Performing iteration 10
11 Performing iteration 11
2 Performing iteration 11
4 Performing iteration 11
6 Performing iteration 11
10 Performing iteration 11
0 Performing iteration 11
1 Performing iteration 11
7 Performing iteration 11
9 Performing iteration 11
3 Performing iteration 11
8 Performing iteration 11
5 Performing iteration 11
2 Performing iteration 12
11 Performing iteration 12
6 Performing iteration 12
0 Performing iteration 12
9 Performing iteration 12
4 Performing iteration 12
8 Performing iteration 12
5 Performing iteration 12
7 Performing iteration 12
3 Performing iteration 12
1 Performing iteration 12
10 Performing iteration 12
5 Performing iteration 13
1 Performing iteration 13
9 Performing iteration 13
0 Performing iteration 13
7 Performing iteration 13
8 Performing iteration 13
10 Performing iteration 13
4 Performing iteration 13
6 Performing iteration 13
2 Performing iteration 13
11 Performing iteration 13
3 Performing iteration 13
7 Performing iteration 14
1 Performing iteration 14
2 Performing iteration 14
4 Performing iteration 14
9 Performing iteration 14
0 Performing iteration 14
5 Performing iteration 14
3 Performing iteration 14
8 Performing iteration 14
10 Performing iteration 14
6 Performing iteration 14
11 Performing iteration 14
4 Performing iteration 15
1 Performing iteration 15
5 Performing iteration 15
10 Performing iteration 15
0 Performing iteration 15
7 Performing iteration 15
8 Performing iteration 15
9 Performing iteration 15
11 Performing iteration 15
3 Performing iteration 15
6 Performing iteration 15
2 Performing iteration 15
CORE ID: 0 PROCESSED AN EXIT EVENT

Ariel Memory Management Statistics:
---------------------------------------------------------------------
Page Table Sizes:
- Map entries at level 0         66
Page Table Coverages:
- Bytes at level 0              270336
Simulation is complete, simulated time: 485.902 us
