 Allocating Arrays...
 Sum is   1073741824.0000000     
