0:cpu:RequestGenCPU[RequestGenCPU:40]: Configured CPU to allow 16 maximum Load requests to be memory to be outstanding.
0:cpu:RequestGenCPU[RequestGenCPU:42]: Configured CPU to allow 16 maximum Store requests to be memory to be outstanding.
0:cpu:RequestGenCPU[RequestGenCPU:46]: Memory interface to be loaded is: memHierarchy.memInterface
0:cpu:RequestGenCPU[RequestGenCPU:57]: Loaded memory interface successfully.
0:cpu:RequestGenCPU[RequestGenCPU:60]: Initializing memory interface...
0:cpu:RequestGenCPU[RequestGenCPU:65]: Loaded memory initialize routine returned successfully.
0:cpu:RequestGenCPU[RequestGenCPU:73]: Loaded memory interface successfully.
0:cpu:RequestGenCPU[RequestGenCPU:80]: CPU clock configured for 2GHz
0:cpu:RequestGenCPU[RequestGenCPU:109]: Request generator to be loaded is: miranda.Stencil3DBenchGenerator
0:cpu:RequestGenCPU[RequestGenCPU:115]: Generator loaded successfully.
0:cpu:RequestGenCPU[RequestGenCPU:153]: Miranda CPU Configuration:
0:cpu:RequestGenCPU[RequestGenCPU:154]: - Max requests per cycle:         2
0:cpu:RequestGenCPU[RequestGenCPU:155]: - Max reorder lookups             16
0:cpu:RequestGenCPU[RequestGenCPU:156]: - Clock:                          2GHz
0:cpu:RequestGenCPU[RequestGenCPU:157]: - Cache line size:                64 bytes
0:cpu:RequestGenCPU[RequestGenCPU:158]: - Max Load requests pending:      16
0:cpu:RequestGenCPU[RequestGenCPU:159]: - Max Store requests pending:     16
0:cpu:RequestGenCPU[RequestGenCPU:160]: Configuration completed.
 cpu.read_reqs : Accumulator : Sum.u64 = 108864; SumSQ.u64 = 108864; Count.u64 = 108864; 
 cpu.write_reqs : Accumulator : Sum.u64 = 4032; SumSQ.u64 = 4032; Count.u64 = 4032; 
 cpu.split_read_reqs : Accumulator : Sum.u64 = 0; SumSQ.u64 = 0; Count.u64 = 0; 
 cpu.split_write_reqs : Accumulator : Sum.u64 = 0; SumSQ.u64 = 0; Count.u64 = 0; 
 cpu.cycles_with_issue : Accumulator : Sum.u64 = 66707; SumSQ.u64 = 66707; Count.u64 = 66707; 
 cpu.cycles_no_issue : Accumulator : Sum.u64 = 44958; SumSQ.u64 = 44958; Count.u64 = 44958; 
 cpu.total_bytes_read : Accumulator : Sum.u64 = 870912; SumSQ.u64 = 6967296; Count.u64 = 108864; 
 cpu.total_bytes_write : Accumulator : Sum.u64 = 32256; SumSQ.u64 = 258048; Count.u64 = 4032; 
 cpu.req_latency : Accumulator : Sum.u64 = 751930; SumSQ.u64 = 45427756; Count.u64 = 112896; 
 cpu.time : Accumulator : Sum.u64 = 55833; SumSQ.u64 = 3117323889; Count.u64 = 1; 
 cpu.cycles_hit_fence : Accumulator : Sum.u64 = 0; SumSQ.u64 = 0; Count.u64 = 0; 
 cpu.cycles_max_issue : Accumulator : Sum.u64 = 46189; SumSQ.u64 = 46189; Count.u64 = 46189; 
 cpu.cycles_max_reorder : Accumulator : Sum.u64 = 0; SumSQ.u64 = 0; Count.u64 = 0; 
 cpu.cycles : Accumulator : Sum.u64 = 111666; SumSQ.u64 = 111666; Count.u64 = 111666; 
 l1cache.prefetch_opportunities : Accumulator : Sum.u64 = 28248; SumSQ.u64 = 28248; Count.u64 = 28248; 
 l1cache.prefetches_issued : Accumulator : Sum.u64 = 5350; SumSQ.u64 = 5350; Count.u64 = 5350; 
 l1cache.prefetches_canceled_by_page_boundary : Accumulator : Sum.u64 = 452; SumSQ.u64 = 452; Count.u64 = 452; 
 l1cache.prefetches_canceled_by_history : Accumulator : Sum.u64 = 22898; SumSQ.u64 = 22898; Count.u64 = 22898; 
 l1cache.TotalEventsReceived : Accumulator : Sum.u64 = 119553; SumSQ.u64 = 119553; Count.u64 = 119553; 
 l1cache.TotalEventsReplayed : Accumulator : Sum.u64 = 11234; SumSQ.u64 = 11234; Count.u64 = 11234; 
 l1cache.CacheHits : Accumulator : Sum.u64 = 116899; SumSQ.u64 = 116899; Count.u64 = 116899; 
 l1cache.GetSHit_Arrival : Accumulator : Sum.u64 = 103578; SumSQ.u64 = 103578; Count.u64 = 103578; 
 l1cache.GetXHit_Arrival : Accumulator : Sum.u64 = 2087; SumSQ.u64 = 2087; Count.u64 = 2087; 
 l1cache.GetSExHit_Arrival : Accumulator : Sum.u64 = 0; SumSQ.u64 = 0; Count.u64 = 0; 
 l1cache.GetSHit_Blocked : Accumulator : Sum.u64 = 9341; SumSQ.u64 = 9341; Count.u64 = 9341; 
 l1cache.GetXHit_Blocked : Accumulator : Sum.u64 = 1893; SumSQ.u64 = 1893; Count.u64 = 1893; 
 l1cache.GetSExHit_Blocked : Accumulator : Sum.u64 = 0; SumSQ.u64 = 0; Count.u64 = 0; 
 l1cache.CacheMisses : Accumulator : Sum.u64 = 1307; SumSQ.u64 = 1307; Count.u64 = 1307; 
 l1cache.GetSMiss_Arrival : Accumulator : Sum.u64 = 1255; SumSQ.u64 = 1255; Count.u64 = 1255; 
 l1cache.GetXMiss_Arrival : Accumulator : Sum.u64 = 52; SumSQ.u64 = 52; Count.u64 = 52; 
 l1cache.GetSExMiss_Arrival : Accumulator : Sum.u64 = 0; SumSQ.u64 = 0; Count.u64 = 0; 
 l1cache.GetSMiss_Blocked : Accumulator : Sum.u64 = 0; SumSQ.u64 = 0; Count.u64 = 0; 
 l1cache.GetXMiss_Blocked : Accumulator : Sum.u64 = 0; SumSQ.u64 = 0; Count.u64 = 0; 
 l1cache.GetSExMiss_Blocked : Accumulator : Sum.u64 = 0; SumSQ.u64 = 0; Count.u64 = 0; 
 l1cache.GetS_recv : Accumulator : Sum.u64 = 114214; SumSQ.u64 = 114214; Count.u64 = 114214; 
 l1cache.GetX_recv : Accumulator : Sum.u64 = 4032; SumSQ.u64 = 4032; Count.u64 = 4032; 
 l1cache.GetSEx_recv : Accumulator : Sum.u64 = 0; SumSQ.u64 = 0; Count.u64 = 0; 
 l1cache.GetSResp_recv : Accumulator : Sum.u64 = 1255; SumSQ.u64 = 1255; Count.u64 = 1255; 
 l1cache.GetXResp_recv : Accumulator : Sum.u64 = 52; SumSQ.u64 = 52; Count.u64 = 52; 
 l1cache.PutS_recv : Accumulator : Sum.u64 = 0; SumSQ.u64 = 0; Count.u64 = 0; 
 l1cache.PutM_recv : Accumulator : Sum.u64 = 0; SumSQ.u64 = 0; Count.u64 = 0; 
 l1cache.PutE_recv : Accumulator : Sum.u64 = 0; SumSQ.u64 = 0; Count.u64 = 0; 
 l1cache.FetchInv_recv : Accumulator : Sum.u64 = 0; SumSQ.u64 = 0; Count.u64 = 0; 
 l1cache.FetchInvX_recv : Accumulator : Sum.u64 = 0; SumSQ.u64 = 0; Count.u64 = 0; 
 l1cache.Inv_recv : Accumulator : Sum.u64 = 0; SumSQ.u64 = 0; Count.u64 = 0; 
 l1cache.NACK_recv : Accumulator : Sum.u64 = 0; SumSQ.u64 = 0; Count.u64 = 0; 
 l1cache.MSHR_occupancy : Accumulator : Sum.u64 = 1507749; SumSQ.u64 = 24739557; Count.u64 = 111665; 
 l1cache.Prefetch_requests : Accumulator : Sum.u64 = 5350; SumSQ.u64 = 5350; Count.u64 = 5350; 
 l1cache.Prefetch_hits : Accumulator : Sum.u64 = 4102; SumSQ.u64 = 4102; Count.u64 = 4102; 
 l1cache.Prefetch_drops : Accumulator : Sum.u64 = 40; SumSQ.u64 = 40; Count.u64 = 40; 
 l1cache.evict_I : Accumulator : Sum.u64 = 0; SumSQ.u64 = 0; Count.u64 = 0; 
 l1cache.evict_S : Accumulator : Sum.u64 = 0; SumSQ.u64 = 0; Count.u64 = 0; 
 l1cache.evict_E : Accumulator : Sum.u64 = 395; SumSQ.u64 = 395; Count.u64 = 395; 
 l1cache.evict_M : Accumulator : Sum.u64 = 400; SumSQ.u64 = 400; Count.u64 = 400; 
 l1cache.evict_IS : Accumulator : Sum.u64 = 0; SumSQ.u64 = 0; Count.u64 = 0; 
 l1cache.evict_IM : Accumulator : Sum.u64 = 0; SumSQ.u64 = 0; Count.u64 = 0; 
 l1cache.evict_SM : Accumulator : Sum.u64 = 0; SumSQ.u64 = 0; Count.u64 = 0; 
 l1cache.evict_SInv : Accumulator : Sum.u64 = 0; SumSQ.u64 = 0; Count.u64 = 0; 
 l1cache.evict_EInv : Accumulator : Sum.u64 = 0; SumSQ.u64 = 0; Count.u64 = 0; 
 l1cache.evict_MInv : Accumulator : Sum.u64 = 0; SumSQ.u64 = 0; Count.u64 = 0; 
 l1cache.evict_SMInv : Accumulator : Sum.u64 = 0; SumSQ.u64 = 0; Count.u64 = 0; 
 l1cache.evict_EInvX : Accumulator : Sum.u64 = 0; SumSQ.u64 = 0; Count.u64 = 0; 
 l1cache.evict_MInvX : Accumulator : Sum.u64 = 0; SumSQ.u64 = 0; Count.u64 = 0; 
 l1cache.evict_SI : Accumulator : Sum.u64 = 0; SumSQ.u64 = 0; Count.u64 = 0; 
 l1cache.stateEvent_GetS_I : Accumulator : Sum.u64 = 1255; SumSQ.u64 = 1255; Count.u64 = 1255; 
 l1cache.stateEvent_GetS_S : Accumulator : Sum.u64 = 0; SumSQ.u64 = 0; Count.u64 = 0; 
 l1cache.stateEvent_GetS_E : Accumulator : Sum.u64 = 112919; SumSQ.u64 = 112919; Count.u64 = 112919; 
 l1cache.stateEvent_GetS_M : Accumulator : Sum.u64 = 0; SumSQ.u64 = 0; Count.u64 = 0; 
 l1cache.stateEvent_GetX_I : Accumulator : Sum.u64 = 52; SumSQ.u64 = 52; Count.u64 = 52; 
 l1cache.stateEvent_GetX_S : Accumulator : Sum.u64 = 0; SumSQ.u64 = 0; Count.u64 = 0; 
 l1cache.stateEvent_GetX_E : Accumulator : Sum.u64 = 500; SumSQ.u64 = 500; Count.u64 = 500; 
 l1cache.stateEvent_GetX_M : Accumulator : Sum.u64 = 3480; SumSQ.u64 = 3480; Count.u64 = 3480; 
 l1cache.stateEvent_GetSEx_I : Accumulator : Sum.u64 = 0; SumSQ.u64 = 0; Count.u64 = 0; 
 l1cache.stateEvent_GetSEx_S : Accumulator : Sum.u64 = 0; SumSQ.u64 = 0; Count.u64 = 0; 
 l1cache.stateEvent_GetSEx_E : Accumulator : Sum.u64 = 0; SumSQ.u64 = 0; Count.u64 = 0; 
 l1cache.stateEvent_GetSEx_M : Accumulator : Sum.u64 = 0; SumSQ.u64 = 0; Count.u64 = 0; 
 l1cache.stateEvent_GetSResp_IS : Accumulator : Sum.u64 = 1255; SumSQ.u64 = 1255; Count.u64 = 1255; 
 l1cache.stateEvent_GetSResp_IM : Accumulator : Sum.u64 = 0; SumSQ.u64 = 0; Count.u64 = 0; 
 l1cache.stateEvent_GetSResp_SM : Accumulator : Sum.u64 = 0; SumSQ.u64 = 0; Count.u64 = 0; 
 l1cache.stateEvent_GetSResp_SMInv : Accumulator : Sum.u64 = 0; SumSQ.u64 = 0; Count.u64 = 0; 
 l1cache.stateEvent_GetXResp_IM : Accumulator : Sum.u64 = 52; SumSQ.u64 = 52; Count.u64 = 52; 
 l1cache.stateEvent_GetXResp_SM : Accumulator : Sum.u64 = 0; SumSQ.u64 = 0; Count.u64 = 0; 
 l1cache.stateEvent_GetXResp_SMInv : Accumulator : Sum.u64 = 0; SumSQ.u64 = 0; Count.u64 = 0; 
 l1cache.stateEvent_PutS_I : Accumulator : Sum.u64 = 0; SumSQ.u64 = 0; Count.u64 = 0; 
 l1cache.stateEvent_PutS_S : Accumulator : Sum.u64 = 0; SumSQ.u64 = 0; Count.u64 = 0; 
 l1cache.stateEvent_PutS_E : Accumulator : Sum.u64 = 0; SumSQ.u64 = 0; Count.u64 = 0; 
 l1cache.stateEvent_PutS_M : Accumulator : Sum.u64 = 0; SumSQ.u64 = 0; Count.u64 = 0; 
 l1cache.stateEvent_PutS_SD : Accumulator : Sum.u64 = 0; SumSQ.u64 = 0; Count.u64 = 0; 
 l1cache.stateEvent_PutS_ED : Accumulator : Sum.u64 = 0; SumSQ.u64 = 0; Count.u64 = 0; 
 l1cache.stateEvent_PutS_MD : Accumulator : Sum.u64 = 0; SumSQ.u64 = 0; Count.u64 = 0; 
 l1cache.stateEvent_PutS_SMD : Accumulator : Sum.u64 = 0; SumSQ.u64 = 0; Count.u64 = 0; 
 l1cache.stateEvent_PutS_SI : Accumulator : Sum.u64 = 0; SumSQ.u64 = 0; Count.u64 = 0; 
 l1cache.stateEvent_PutS_EI : Accumulator : Sum.u64 = 0; SumSQ.u64 = 0; Count.u64 = 0; 
 l1cache.stateEvent_PutS_MI : Accumulator : Sum.u64 = 0; SumSQ.u64 = 0; Count.u64 = 0; 
 l1cache.stateEvent_PutS_SInv : Accumulator : Sum.u64 = 0; SumSQ.u64 = 0; Count.u64 = 0; 
 l1cache.stateEvent_PutS_EInv : Accumulator : Sum.u64 = 0; SumSQ.u64 = 0; Count.u64 = 0; 
 l1cache.stateEvent_PutS_MInv : Accumulator : Sum.u64 = 0; SumSQ.u64 = 0; Count.u64 = 0; 
 l1cache.stateEvent_PutS_SMInv : Accumulator : Sum.u64 = 0; SumSQ.u64 = 0; Count.u64 = 0; 
 l1cache.stateEvent_PutS_EInvX : Accumulator : Sum.u64 = 0; SumSQ.u64 = 0; Count.u64 = 0; 
 l1cache.stateEvent_PutE_I : Accumulator : Sum.u64 = 0; SumSQ.u64 = 0; Count.u64 = 0; 
 l1cache.stateEvent_PutE_E : Accumulator : Sum.u64 = 0; SumSQ.u64 = 0; Count.u64 = 0; 
 l1cache.stateEvent_PutE_M : Accumulator : Sum.u64 = 0; SumSQ.u64 = 0; Count.u64 = 0; 
 l1cache.stateEvent_PutE_EI : Accumulator : Sum.u64 = 0; SumSQ.u64 = 0; Count.u64 = 0; 
 l1cache.stateEvent_PutE_MI : Accumulator : Sum.u64 = 0; SumSQ.u64 = 0; Count.u64 = 0; 
 l1cache.stateEvent_PutE_EInv : Accumulator : Sum.u64 = 0; SumSQ.u64 = 0; Count.u64 = 0; 
 l1cache.stateEvent_PutE_MInv : Accumulator : Sum.u64 = 0; SumSQ.u64 = 0; Count.u64 = 0; 
 l1cache.stateEvent_PutE_EInvX : Accumulator : Sum.u64 = 0; SumSQ.u64 = 0; Count.u64 = 0; 
 l1cache.stateEvent_PutE_MInvX : Accumulator : Sum.u64 = 0; SumSQ.u64 = 0; Count.u64 = 0; 
 l1cache.stateEvent_PutM_I : Accumulator : Sum.u64 = 0; SumSQ.u64 = 0; Count.u64 = 0; 
 l1cache.stateEvent_PutM_E : Accumulator : Sum.u64 = 0; SumSQ.u64 = 0; Count.u64 = 0; 
 l1cache.stateEvent_PutM_M : Accumulator : Sum.u64 = 0; SumSQ.u64 = 0; Count.u64 = 0; 
 l1cache.stateEvent_PutM_EI : Accumulator : Sum.u64 = 0; SumSQ.u64 = 0; Count.u64 = 0; 
 l1cache.stateEvent_PutM_MI : Accumulator : Sum.u64 = 0; SumSQ.u64 = 0; Count.u64 = 0; 
 l1cache.stateEvent_PutM_EInv : Accumulator : Sum.u64 = 0; SumSQ.u64 = 0; Count.u64 = 0; 
 l1cache.stateEvent_PutM_MInv : Accumulator : Sum.u64 = 0; SumSQ.u64 = 0; Count.u64 = 0; 
 l1cache.stateEvent_PutM_EInvX : Accumulator : Sum.u64 = 0; SumSQ.u64 = 0; Count.u64 = 0; 
 l1cache.stateEvent_PutM_MInvX : Accumulator : Sum.u64 = 0; SumSQ.u64 = 0; Count.u64 = 0; 
 l1cache.stateEvent_Inv_I : Accumulator : Sum.u64 = 0; SumSQ.u64 = 0; Count.u64 = 0; 
 l1cache.stateEvent_Inv_IS : Accumulator : Sum.u64 = 0; SumSQ.u64 = 0; Count.u64 = 0; 
 l1cache.stateEvent_Inv_IM : Accumulator : Sum.u64 = 0; SumSQ.u64 = 0; Count.u64 = 0; 
 l1cache.stateEvent_Inv_S : Accumulator : Sum.u64 = 0; SumSQ.u64 = 0; Count.u64 = 0; 
 l1cache.stateEvent_Inv_SM : Accumulator : Sum.u64 = 0; SumSQ.u64 = 0; Count.u64 = 0; 
 l1cache.stateEvent_Inv_SInv : Accumulator : Sum.u64 = 0; SumSQ.u64 = 0; Count.u64 = 0; 
 l1cache.stateEvent_Inv_SI : Accumulator : Sum.u64 = 0; SumSQ.u64 = 0; Count.u64 = 0; 
 l1cache.stateEvent_Inv_SMInv : Accumulator : Sum.u64 = 0; SumSQ.u64 = 0; Count.u64 = 0; 
 l1cache.stateEvent_Inv_SD : Accumulator : Sum.u64 = 0; SumSQ.u64 = 0; Count.u64 = 0; 
 l1cache.stateEvent_FetchInv_I : Accumulator : Sum.u64 = 0; SumSQ.u64 = 0; Count.u64 = 0; 
 l1cache.stateEvent_FetchInv_IS : Accumulator : Sum.u64 = 0; SumSQ.u64 = 0; Count.u64 = 0; 
 l1cache.stateEvent_FetchInv_IM : Accumulator : Sum.u64 = 0; SumSQ.u64 = 0; Count.u64 = 0; 
 l1cache.stateEvent_FetchInv_SM : Accumulator : Sum.u64 = 0; SumSQ.u64 = 0; Count.u64 = 0; 
 l1cache.stateEvent_FetchInv_S : Accumulator : Sum.u64 = 0; SumSQ.u64 = 0; Count.u64 = 0; 
 l1cache.stateEvent_FetchInv_E : Accumulator : Sum.u64 = 0; SumSQ.u64 = 0; Count.u64 = 0; 
 l1cache.stateEvent_FetchInv_M : Accumulator : Sum.u64 = 0; SumSQ.u64 = 0; Count.u64 = 0; 
 l1cache.stateEvent_FetchInv_EI : Accumulator : Sum.u64 = 0; SumSQ.u64 = 0; Count.u64 = 0; 
 l1cache.stateEvent_FetchInv_MI : Accumulator : Sum.u64 = 0; SumSQ.u64 = 0; Count.u64 = 0; 
 l1cache.stateEvent_FetchInv_EInv : Accumulator : Sum.u64 = 0; SumSQ.u64 = 0; Count.u64 = 0; 
 l1cache.stateEvent_FetchInv_EInvX : Accumulator : Sum.u64 = 0; SumSQ.u64 = 0; Count.u64 = 0; 
 l1cache.stateEvent_FetchInv_MInv : Accumulator : Sum.u64 = 0; SumSQ.u64 = 0; Count.u64 = 0; 
 l1cache.stateEvent_FetchInv_MInvX : Accumulator : Sum.u64 = 0; SumSQ.u64 = 0; Count.u64 = 0; 
 l1cache.stateEvent_FetchInv_SD : Accumulator : Sum.u64 = 0; SumSQ.u64 = 0; Count.u64 = 0; 
 l1cache.stateEvent_FetchInv_ED : Accumulator : Sum.u64 = 0; SumSQ.u64 = 0; Count.u64 = 0; 
 l1cache.stateEvent_FetchInv_MD : Accumulator : Sum.u64 = 0; SumSQ.u64 = 0; Count.u64 = 0; 
 l1cache.stateEvent_FetchInvX_I : Accumulator : Sum.u64 = 0; SumSQ.u64 = 0; Count.u64 = 0; 
 l1cache.stateEvent_FetchInvX_IS : Accumulator : Sum.u64 = 0; SumSQ.u64 = 0; Count.u64 = 0; 
 l1cache.stateEvent_FetchInvX_IM : Accumulator : Sum.u64 = 0; SumSQ.u64 = 0; Count.u64 = 0; 
 l1cache.stateEvent_FetchInvX_SM : Accumulator : Sum.u64 = 0; SumSQ.u64 = 0; Count.u64 = 0; 
 l1cache.stateEvent_FetchInvX_E : Accumulator : Sum.u64 = 0; SumSQ.u64 = 0; Count.u64 = 0; 
 l1cache.stateEvent_FetchInvX_M : Accumulator : Sum.u64 = 0; SumSQ.u64 = 0; Count.u64 = 0; 
 l1cache.stateEvent_FetchInvX_EI : Accumulator : Sum.u64 = 0; SumSQ.u64 = 0; Count.u64 = 0; 
 l1cache.stateEvent_FetchInvX_MI : Accumulator : Sum.u64 = 0; SumSQ.u64 = 0; Count.u64 = 0; 
 l1cache.stateEvent_FetchInvX_EInv : Accumulator : Sum.u64 = 0; SumSQ.u64 = 0; Count.u64 = 0; 
 l1cache.stateEvent_FetchInvX_EInvX : Accumulator : Sum.u64 = 0; SumSQ.u64 = 0; Count.u64 = 0; 
 l1cache.stateEvent_FetchInvX_MInv : Accumulator : Sum.u64 = 0; SumSQ.u64 = 0; Count.u64 = 0; 
 l1cache.stateEvent_FetchInvX_MInvX : Accumulator : Sum.u64 = 0; SumSQ.u64 = 0; Count.u64 = 0; 
 l1cache.stateEvent_FetchInvX_ED : Accumulator : Sum.u64 = 0; SumSQ.u64 = 0; Count.u64 = 0; 
 l1cache.stateEvent_FetchInvX_MD : Accumulator : Sum.u64 = 0; SumSQ.u64 = 0; Count.u64 = 0; 
 l1cache.stateEvent_Fetch_I : Accumulator : Sum.u64 = 0; SumSQ.u64 = 0; Count.u64 = 0; 
 l1cache.stateEvent_Fetch_IS : Accumulator : Sum.u64 = 0; SumSQ.u64 = 0; Count.u64 = 0; 
 l1cache.stateEvent_Fetch_IM : Accumulator : Sum.u64 = 0; SumSQ.u64 = 0; Count.u64 = 0; 
 l1cache.stateEvent_Fetch_SM : Accumulator : Sum.u64 = 0; SumSQ.u64 = 0; Count.u64 = 0; 
 l1cache.stateEvent_Fetch_S : Accumulator : Sum.u64 = 0; SumSQ.u64 = 0; Count.u64 = 0; 
 l1cache.stateEvent_Fetch_SInv : Accumulator : Sum.u64 = 0; SumSQ.u64 = 0; Count.u64 = 0; 
 l1cache.stateEvent_Fetch_SI : Accumulator : Sum.u64 = 0; SumSQ.u64 = 0; Count.u64 = 0; 
 l1cache.stateEvent_Fetch_SD : Accumulator : Sum.u64 = 0; SumSQ.u64 = 0; Count.u64 = 0; 
 l1cache.stateEvent_FetchResp_I : Accumulator : Sum.u64 = 0; SumSQ.u64 = 0; Count.u64 = 0; 
 l1cache.stateEvent_FetchResp_SI : Accumulator : Sum.u64 = 0; SumSQ.u64 = 0; Count.u64 = 0; 
 l1cache.stateEvent_FetchResp_EI : Accumulator : Sum.u64 = 0; SumSQ.u64 = 0; Count.u64 = 0; 
 l1cache.stateEvent_FetchResp_MI : Accumulator : Sum.u64 = 0; SumSQ.u64 = 0; Count.u64 = 0; 
 l1cache.stateEvent_FetchResp_SInv : Accumulator : Sum.u64 = 0; SumSQ.u64 = 0; Count.u64 = 0; 
 l1cache.stateEvent_FetchResp_SMInv : Accumulator : Sum.u64 = 0; SumSQ.u64 = 0; Count.u64 = 0; 
 l1cache.stateEvent_FetchResp_EInv : Accumulator : Sum.u64 = 0; SumSQ.u64 = 0; Count.u64 = 0; 
 l1cache.stateEvent_FetchResp_MInv : Accumulator : Sum.u64 = 0; SumSQ.u64 = 0; Count.u64 = 0; 
 l1cache.stateEvent_FetchResp_SD : Accumulator : Sum.u64 = 0; SumSQ.u64 = 0; Count.u64 = 0; 
 l1cache.stateEvent_FetchResp_SMD : Accumulator : Sum.u64 = 0; SumSQ.u64 = 0; Count.u64 = 0; 
 l1cache.stateEvent_FetchResp_ED : Accumulator : Sum.u64 = 0; SumSQ.u64 = 0; Count.u64 = 0; 
 l1cache.stateEvent_FetchResp_MD : Accumulator : Sum.u64 = 0; SumSQ.u64 = 0; Count.u64 = 0; 
 l1cache.stateEvent_FetchXResp_I : Accumulator : Sum.u64 = 0; SumSQ.u64 = 0; Count.u64 = 0; 
 l1cache.stateEvent_FetchXResp_EInvX : Accumulator : Sum.u64 = 0; SumSQ.u64 = 0; Count.u64 = 0; 
 l1cache.stateEvent_FetchXResp_MInvX : Accumulator : Sum.u64 = 0; SumSQ.u64 = 0; Count.u64 = 0; 
 l1cache.stateEvent_AckInv_I : Accumulator : Sum.u64 = 0; SumSQ.u64 = 0; Count.u64 = 0; 
 l1cache.stateEvent_AckInv_SInv : Accumulator : Sum.u64 = 0; SumSQ.u64 = 0; Count.u64 = 0; 
 l1cache.stateEvent_AckInv_SMInv : Accumulator : Sum.u64 = 0; SumSQ.u64 = 0; Count.u64 = 0; 
 l1cache.stateEvent_AckInv_SI : Accumulator : Sum.u64 = 0; SumSQ.u64 = 0; Count.u64 = 0; 
 l1cache.stateEvent_AckInv_EI : Accumulator : Sum.u64 = 0; SumSQ.u64 = 0; Count.u64 = 0; 
 l1cache.stateEvent_AckInv_MI : Accumulator : Sum.u64 = 0; SumSQ.u64 = 0; Count.u64 = 0; 
 l1cache.stateEvent_AckInv_EInv : Accumulator : Sum.u64 = 0; SumSQ.u64 = 0; Count.u64 = 0; 
 l1cache.stateEvent_AckInv_MInv : Accumulator : Sum.u64 = 0; SumSQ.u64 = 0; Count.u64 = 0; 
 l1cache.stateEvent_AckPut_I : Accumulator : Sum.u64 = 0; SumSQ.u64 = 0; Count.u64 = 0; 
 l1cache.latency_GetS_IS : Accumulator : Sum.u64 = 257364; SumSQ.u64 = 52780186; Count.u64 = 1255; 
 l1cache.latency_GetS_M : Accumulator : Sum.u64 = 0; SumSQ.u64 = 0; Count.u64 = 0; 
 l1cache.latency_GetX_IM : Accumulator : Sum.u64 = 10627; SumSQ.u64 = 2171869; Count.u64 = 52; 
 l1cache.latency_GetX_SM : Accumulator : Sum.u64 = 0; SumSQ.u64 = 0; Count.u64 = 0; 
 l1cache.latency_GetX_M : Accumulator : Sum.u64 = 0; SumSQ.u64 = 0; Count.u64 = 0; 
 l1cache.latency_GetSEx_IM : Accumulator : Sum.u64 = 0; SumSQ.u64 = 0; Count.u64 = 0; 
 l1cache.latency_GetSEx_SM : Accumulator : Sum.u64 = 0; SumSQ.u64 = 0; Count.u64 = 0; 
 l1cache.latency_GetSEx_M : Accumulator : Sum.u64 = 0; SumSQ.u64 = 0; Count.u64 = 0; 
 l1cache.eventSent_GetS : Accumulator : Sum.u64 = 1255; SumSQ.u64 = 1255; Count.u64 = 1255; 
 l1cache.eventSent_GetX : Accumulator : Sum.u64 = 52; SumSQ.u64 = 52; Count.u64 = 52; 
 l1cache.eventSent_GetSEx : Accumulator : Sum.u64 = 0; SumSQ.u64 = 0; Count.u64 = 0; 
 l1cache.eventSent_GetSResp : Accumulator : Sum.u64 = 108864; SumSQ.u64 = 108864; Count.u64 = 108864; 
 l1cache.eventSent_GetXResp : Accumulator : Sum.u64 = 4032; SumSQ.u64 = 4032; Count.u64 = 4032; 
 l1cache.eventSent_PutS : Accumulator : Sum.u64 = 0; SumSQ.u64 = 0; Count.u64 = 0; 
 l1cache.eventSent_PutE : Accumulator : Sum.u64 = 0; SumSQ.u64 = 0; Count.u64 = 0; 
 l1cache.eventSent_PutM : Accumulator : Sum.u64 = 400; SumSQ.u64 = 400; Count.u64 = 400; 
 l1cache.eventSent_Inv : Accumulator : Sum.u64 = 0; SumSQ.u64 = 0; Count.u64 = 0; 
 l1cache.eventSent_Fetch : Accumulator : Sum.u64 = 0; SumSQ.u64 = 0; Count.u64 = 0; 
 l1cache.eventSent_FetchInv : Accumulator : Sum.u64 = 0; SumSQ.u64 = 0; Count.u64 = 0; 
 l1cache.eventSent_FetchInvX : Accumulator : Sum.u64 = 0; SumSQ.u64 = 0; Count.u64 = 0; 
 l1cache.eventSent_FetchResp : Accumulator : Sum.u64 = 0; SumSQ.u64 = 0; Count.u64 = 0; 
 l1cache.eventSent_FetchXResp : Accumulator : Sum.u64 = 0; SumSQ.u64 = 0; Count.u64 = 0; 
 l1cache.eventSent_AckInv : Accumulator : Sum.u64 = 0; SumSQ.u64 = 0; Count.u64 = 0; 
 l1cache.eventSent_AckPut : Accumulator : Sum.u64 = 0; SumSQ.u64 = 0; Count.u64 = 0; 
 l1cache.eventSent_NACK_up : Accumulator : Sum.u64 = 0; SumSQ.u64 = 0; Count.u64 = 0; 
 l1cache.eventSent_NACK_down : Accumulator : Sum.u64 = 0; SumSQ.u64 = 0; Count.u64 = 0; 
 l1cache.EventStalledForLockedCacheline : Accumulator : Sum.u64 = 0; SumSQ.u64 = 0; Count.u64 = 0; 
Simulation is complete, simulated time: 55.833 us
