NB: Addr: 0x30484 timestamp: 28 Cmd: 1 ID: 3-0 ResponseID: 0--1 @14 ns
NB: Addr: 0x55084 timestamp: 138 Cmd: 1 ID: 4-0 ResponseID: 0--1 @69 ns
SB: Addr: 0x30484 timestamp: 230 Cmd: 4 ID: 3-0 ResponseID: 3-0 @115 ns
SB: Addr: 0x55084 timestamp: 340 Cmd: 4 ID: 4-0 ResponseID: 4-0 @170 ns
NB: Addr: 0x65276 timestamp: 650 Cmd: 1 ID: 5-0 ResponseID: 0--1 @325 ns
SB: Addr: 0x65276 timestamp: 852 Cmd: 4 ID: 5-0 ResponseID: 5-0 @426 ns
NB: Addr: 0x40016 timestamp: 950 Cmd: 1 ID: 6-0 ResponseID: 0--1 @475 ns
NB: Addr: 0x52728 timestamp: 976 Cmd: 1 ID: 7-0 ResponseID: 0--1 @488 ns
SB: Addr: 0x40016 timestamp: 1152 Cmd: 4 ID: 6-0 ResponseID: 6-0 @576 ns
SB: Addr: 0x52728 timestamp: 1178 Cmd: 4 ID: 7-0 ResponseID: 7-0 @589 ns
NB: Addr: 0x56368 timestamp: 1240 Cmd: 1 ID: 8-0 ResponseID: 0--1 @620 ns
NB: Addr: 0x48872 timestamp: 1384 Cmd: 1 ID: 9-0 ResponseID: 0--1 @692 ns
NB: Addr: 0x44964 timestamp: 1436 Cmd: 1 ID: 10-0 ResponseID: 0--1 @718 ns
SB: Addr: 0x56368 timestamp: 1442 Cmd: 4 ID: 8-0 ResponseID: 8-0 @721 ns
NB: Addr: 0x9028 timestamp: 1540 Cmd: 1 ID: 11-0 ResponseID: 0--1 @770 ns
SB: Addr: 0x48872 timestamp: 1586 Cmd: 4 ID: 9-0 ResponseID: 9-0 @793 ns
SB: Addr: 0x44964 timestamp: 1638 Cmd: 4 ID: 10-0 ResponseID: 10-0 @819 ns
NB: Addr: 0x48036 timestamp: 1658 Cmd: 1 ID: 12-0 ResponseID: 0--1 @829 ns
SB: Addr: 0x9028 timestamp: 1742 Cmd: 4 ID: 11-0 ResponseID: 11-0 @871 ns
SB: Addr: 0x48036 timestamp: 1860 Cmd: 4 ID: 12-0 ResponseID: 12-0 @930 ns
NB: Addr: 0x21444 timestamp: 1866 Cmd: 1 ID: 13-0 ResponseID: 0--1 @933 ns
NB: Addr: 0x32928 timestamp: 1922 Cmd: 1 ID: 14-0 ResponseID: 0--1 @961 ns
NB: Addr: 0x33112 timestamp: 1948 Cmd: 1 ID: 15-0 ResponseID: 0--1 @974 ns
SB: Addr: 0x21444 timestamp: 2068 Cmd: 4 ID: 13-0 ResponseID: 13-0 @1034 ns
SB: Addr: 0x32928 timestamp: 2124 Cmd: 4 ID: 14-0 ResponseID: 14-0 @1062 ns
SB: Addr: 0x33112 timestamp: 2150 Cmd: 4 ID: 15-0 ResponseID: 15-0 @1075 ns
NB: Addr: 0x608 timestamp: 2278 Cmd: 1 ID: 16-0 ResponseID: 0--1 @1139 ns
NB: Addr: 0x20504 timestamp: 2298 Cmd: 1 ID: 17-0 ResponseID: 0--1 @1149 ns
NB: Addr: 0x41376 timestamp: 2372 Cmd: 1 ID: 18-0 ResponseID: 0--1 @1186 ns
NB: Addr: 0x27224 timestamp: 2418 Cmd: 1 ID: 19-0 ResponseID: 0--1 @1209 ns
SB: Addr: 0x608 timestamp: 2480 Cmd: 4 ID: 16-0 ResponseID: 16-0 @1240 ns
SB: Addr: 0x20504 timestamp: 2500 Cmd: 4 ID: 17-0 ResponseID: 17-0 @1250 ns
SB: Addr: 0x41376 timestamp: 2574 Cmd: 4 ID: 18-0 ResponseID: 18-0 @1287 ns
SB: Addr: 0x27224 timestamp: 2620 Cmd: 4 ID: 19-0 ResponseID: 19-0 @1310 ns
NB: Addr: 0x23188 timestamp: 2838 Cmd: 1 ID: 20-0 ResponseID: 0--1 @1419 ns
SB: Addr: 0x23188 timestamp: 3040 Cmd: 4 ID: 20-0 ResponseID: 20-0 @1520 ns
NB: Addr: 0x42264 timestamp: 3122 Cmd: 1 ID: 21-0 ResponseID: 0--1 @1561 ns
NB: Addr: 0x24740 timestamp: 3218 Cmd: 1 ID: 22-0 ResponseID: 0--1 @1609 ns
SB: Addr: 0x42264 timestamp: 3324 Cmd: 4 ID: 21-0 ResponseID: 21-0 @1662 ns
NB: Addr: 0x57832 timestamp: 3328 Cmd: 1 ID: 23-0 ResponseID: 0--1 @1664 ns
SB: Addr: 0x24740 timestamp: 3420 Cmd: 4 ID: 22-0 ResponseID: 22-0 @1710 ns
SB: Addr: 0x57832 timestamp: 3530 Cmd: 4 ID: 23-0 ResponseID: 23-0 @1765 ns
NB: Addr: 0x62876 timestamp: 3958 Cmd: 1 ID: 25-0 ResponseID: 0--1 @1979 ns
SB: Addr: 0x62876 timestamp: 4160 Cmd: 4 ID: 25-0 ResponseID: 25-0 @2080 ns
NB: Addr: 0x28900 timestamp: 4858 Cmd: 2 ID: 26-0 ResponseID: 0--1 @2429 ns
SB: Addr: 0x28900 timestamp: 5060 Cmd: 5 ID: 26-0 ResponseID: 26-0 @2530 ns
NB: Addr: 0x19544 timestamp: 5436 Cmd: 1 ID: 27-0 ResponseID: 0--1 @2718 ns
SB: Addr: 0x19544 timestamp: 5638 Cmd: 4 ID: 27-0 ResponseID: 27-0 @2819 ns
NB: Addr: 0x36848 timestamp: 5720 Cmd: 1 ID: 28-0 ResponseID: 0--1 @2860 ns
NB: Addr: 0x57648 timestamp: 5918 Cmd: 1 ID: 29-0 ResponseID: 0--1 @2959 ns
SB: Addr: 0x36848 timestamp: 5922 Cmd: 4 ID: 28-0 ResponseID: 28-0 @2961 ns
NB: Addr: 0x53628 timestamp: 5978 Cmd: 1 ID: 31-0 ResponseID: 0--1 @2989 ns
SB: Addr: 0x57648 timestamp: 6120 Cmd: 4 ID: 29-0 ResponseID: 29-0 @3060 ns
SB: Addr: 0x53628 timestamp: 6180 Cmd: 4 ID: 31-0 ResponseID: 31-0 @3090 ns
NB: Addr: 0x37844 timestamp: 6412 Cmd: 1 ID: 32-0 ResponseID: 0--1 @3206 ns
NB: Addr: 0x5652 timestamp: 6540 Cmd: 1 ID: 33-0 ResponseID: 0--1 @3270 ns
NB: Addr: 0x15264 timestamp: 6564 Cmd: 1 ID: 34-0 ResponseID: 0--1 @3282 ns
SB: Addr: 0x37844 timestamp: 6614 Cmd: 4 ID: 32-0 ResponseID: 32-0 @3307 ns
SB: Addr: 0x5652 timestamp: 6742 Cmd: 4 ID: 33-0 ResponseID: 33-0 @3371 ns
SB: Addr: 0x15264 timestamp: 6766 Cmd: 4 ID: 34-0 ResponseID: 34-0 @3383 ns
NB: Addr: 0x38040 timestamp: 7006 Cmd: 1 ID: 35-0 ResponseID: 0--1 @3503 ns
NB: Addr: 0x48928 timestamp: 7030 Cmd: 1 ID: 36-0 ResponseID: 0--1 @3515 ns
NB: Addr: 0x36680 timestamp: 7042 Cmd: 2 ID: 37-0 ResponseID: 0--1 @3521 ns
SB: Addr: 0x38040 timestamp: 7208 Cmd: 4 ID: 35-0 ResponseID: 35-0 @3604 ns
SB: Addr: 0x48928 timestamp: 7232 Cmd: 4 ID: 36-0 ResponseID: 36-0 @3616 ns
SB: Addr: 0x36680 timestamp: 7244 Cmd: 5 ID: 37-0 ResponseID: 37-0 @3622 ns
NB: Addr: 0x8552 timestamp: 7322 Cmd: 1 ID: 38-0 ResponseID: 0--1 @3661 ns
NB: Addr: 0x23688 timestamp: 7354 Cmd: 1 ID: 39-0 ResponseID: 0--1 @3677 ns
NB: Addr: 0x20208 timestamp: 7386 Cmd: 1 ID: 40-0 ResponseID: 0--1 @3693 ns
NB: Addr: 0x25896 timestamp: 7484 Cmd: 2 ID: 41-0 ResponseID: 0--1 @3742 ns
SB: Addr: 0x8552 timestamp: 7524 Cmd: 4 ID: 38-0 ResponseID: 38-0 @3762 ns
SB: Addr: 0x23688 timestamp: 7556 Cmd: 4 ID: 39-0 ResponseID: 39-0 @3778 ns
SB: Addr: 0x20208 timestamp: 7588 Cmd: 4 ID: 40-0 ResponseID: 40-0 @3794 ns
SB: Addr: 0x25896 timestamp: 7686 Cmd: 5 ID: 41-0 ResponseID: 41-0 @3843 ns
NB: Addr: 0x54020 timestamp: 7896 Cmd: 1 ID: 42-0 ResponseID: 0--1 @3948 ns
NB: Addr: 0x360 timestamp: 7952 Cmd: 1 ID: 43-0 ResponseID: 0--1 @3976 ns
SB: Addr: 0x54020 timestamp: 8098 Cmd: 4 ID: 42-0 ResponseID: 42-0 @4049 ns
SB: Addr: 0x360 timestamp: 8154 Cmd: 4 ID: 43-0 ResponseID: 43-0 @4077 ns
NB: Addr: 0x18796 timestamp: 8392 Cmd: 1 ID: 44-0 ResponseID: 0--1 @4196 ns
NB: Addr: 0x17036 timestamp: 8480 Cmd: 1 ID: 46-0 ResponseID: 0--1 @4240 ns
SB: Addr: 0x18796 timestamp: 8594 Cmd: 4 ID: 44-0 ResponseID: 44-0 @4297 ns
NB: Addr: 0x51444 timestamp: 8632 Cmd: 2 ID: 47-0 ResponseID: 0--1 @4316 ns
SB: Addr: 0x17036 timestamp: 8682 Cmd: 4 ID: 46-0 ResponseID: 46-0 @4341 ns
NB: Addr: 0x7084 timestamp: 8690 Cmd: 1 ID: 48-0 ResponseID: 0--1 @4345 ns
SB: Addr: 0x51444 timestamp: 8834 Cmd: 5 ID: 47-0 ResponseID: 47-0 @4417 ns
SB: Addr: 0x7084 timestamp: 8892 Cmd: 4 ID: 48-0 ResponseID: 48-0 @4446 ns
NB: Addr: 0x43684 timestamp: 9520 Cmd: 1 ID: 50-0 ResponseID: 0--1 @4760 ns
NB: Addr: 0x36068 timestamp: 9580 Cmd: 1 ID: 51-0 ResponseID: 0--1 @4790 ns
NB: Addr: 0x51752 timestamp: 9704 Cmd: 1 ID: 52-0 ResponseID: 0--1 @4852 ns
SB: Addr: 0x43684 timestamp: 9722 Cmd: 4 ID: 50-0 ResponseID: 50-0 @4861 ns
SB: Addr: 0x36068 timestamp: 9782 Cmd: 4 ID: 51-0 ResponseID: 51-0 @4891 ns
NB: Addr: 0x12248 timestamp: 9792 Cmd: 1 ID: 53-0 ResponseID: 0--1 @4896 ns
SB: Addr: 0x51752 timestamp: 9906 Cmd: 4 ID: 52-0 ResponseID: 52-0 @4953 ns
SB: Addr: 0x12248 timestamp: 9994 Cmd: 4 ID: 53-0 ResponseID: 53-0 @4997 ns
NB: Addr: 0x10832 timestamp: 10074 Cmd: 1 ID: 54-0 ResponseID: 0--1 @5037 ns
NB: Addr: 0x49036 timestamp: 10114 Cmd: 1 ID: 55-0 ResponseID: 0--1 @5057 ns
SB: Addr: 0x10832 timestamp: 10276 Cmd: 4 ID: 54-0 ResponseID: 54-0 @5138 ns
NB: Addr: 0x30272 timestamp: 10290 Cmd: 1 ID: 57-0 ResponseID: 0--1 @5145 ns
SB: Addr: 0x49036 timestamp: 10316 Cmd: 4 ID: 55-0 ResponseID: 55-0 @5158 ns
NB: Addr: 0x33616 timestamp: 10410 Cmd: 1 ID: 58-0 ResponseID: 0--1 @5205 ns
SB: Addr: 0x30272 timestamp: 10492 Cmd: 4 ID: 57-0 ResponseID: 57-0 @5246 ns
SB: Addr: 0x33616 timestamp: 10612 Cmd: 4 ID: 58-0 ResponseID: 58-0 @5306 ns
NB: Addr: 0x61788 timestamp: 10860 Cmd: 1 ID: 59-0 ResponseID: 0--1 @5430 ns
SB: Addr: 0x61788 timestamp: 11062 Cmd: 4 ID: 59-0 ResponseID: 59-0 @5531 ns
NB: Addr: 0x30388 timestamp: 11092 Cmd: 1 ID: 61-0 ResponseID: 0--1 @5546 ns
SB: Addr: 0x30388 timestamp: 11294 Cmd: 4 ID: 61-0 ResponseID: 61-0 @5647 ns
NB: Addr: 0x2124 timestamp: 11716 Cmd: 1 ID: 62-0 ResponseID: 0--1 @5858 ns
NB: Addr: 0x49724 timestamp: 11748 Cmd: 1 ID: 63-0 ResponseID: 0--1 @5874 ns
SB: Addr: 0x2124 timestamp: 11918 Cmd: 4 ID: 62-0 ResponseID: 62-0 @5959 ns
SB: Addr: 0x49724 timestamp: 11950 Cmd: 4 ID: 63-0 ResponseID: 63-0 @5975 ns
NB: Addr: 0x22980 timestamp: 12118 Cmd: 1 ID: 64-0 ResponseID: 0--1 @6059 ns
SB: Addr: 0x22980 timestamp: 12320 Cmd: 4 ID: 64-0 ResponseID: 64-0 @6160 ns
NB: Addr: 0x17164 timestamp: 12380 Cmd: 1 ID: 65-0 ResponseID: 0--1 @6190 ns
SB: Addr: 0x17164 timestamp: 12582 Cmd: 4 ID: 65-0 ResponseID: 65-0 @6291 ns
NB: Addr: 0x2304 timestamp: 13116 Cmd: 1 ID: 67-0 ResponseID: 0--1 @6558 ns
NB: Addr: 0x14976 timestamp: 13186 Cmd: 1 ID: 68-0 ResponseID: 0--1 @6593 ns
NB: Addr: 0x32788 timestamp: 13190 Cmd: 1 ID: 70-0 ResponseID: 0--1 @6595 ns
SB: Addr: 0x2304 timestamp: 13318 Cmd: 4 ID: 67-0 ResponseID: 67-0 @6659 ns
SB: Addr: 0x14976 timestamp: 13388 Cmd: 4 ID: 68-0 ResponseID: 68-0 @6694 ns
SB: Addr: 0x32788 timestamp: 13392 Cmd: 4 ID: 70-0 ResponseID: 70-0 @6696 ns
NB: Addr: 0x4504 timestamp: 13476 Cmd: 1 ID: 71-0 ResponseID: 0--1 @6738 ns
SB: Addr: 0x4504 timestamp: 13678 Cmd: 4 ID: 71-0 ResponseID: 71-0 @6839 ns
NB: Addr: 0x2388 timestamp: 13874 Cmd: 1 ID: 72-0 ResponseID: 0--1 @6937 ns
SB: Addr: 0x2388 timestamp: 14076 Cmd: 4 ID: 72-0 ResponseID: 72-0 @7038 ns
NB: Addr: 0x44636 timestamp: 14208 Cmd: 1 ID: 74-0 ResponseID: 0--1 @7104 ns
SB: Addr: 0x44636 timestamp: 14410 Cmd: 4 ID: 74-0 ResponseID: 74-0 @7205 ns
NB: Addr: 0x40100 timestamp: 14464 Cmd: 1 ID: 76-0 ResponseID: 0--1 @7232 ns
NB: Addr: 0x4136 timestamp: 14486 Cmd: 1 ID: 78-0 ResponseID: 0--1 @7243 ns
SB: Addr: 0x40100 timestamp: 14666 Cmd: 4 ID: 76-0 ResponseID: 76-0 @7333 ns
SB: Addr: 0x4136 timestamp: 14688 Cmd: 4 ID: 78-0 ResponseID: 78-0 @7344 ns
NB: Addr: 0x28088 timestamp: 14746 Cmd: 1 ID: 79-0 ResponseID: 0--1 @7373 ns
SB: Addr: 0x28088 timestamp: 14948 Cmd: 4 ID: 79-0 ResponseID: 79-0 @7474 ns
NB: Addr: 0x34900 timestamp: 15026 Cmd: 1 ID: 80-0 ResponseID: 0--1 @7513 ns
NB: Addr: 0x47344 timestamp: 15150 Cmd: 2 ID: 81-0 ResponseID: 0--1 @7575 ns
NB: Addr: 0x43004 timestamp: 15176 Cmd: 1 ID: 82-0 ResponseID: 0--1 @7588 ns
SB: Addr: 0x34900 timestamp: 15228 Cmd: 4 ID: 80-0 ResponseID: 80-0 @7614 ns
SB: Addr: 0x47344 timestamp: 15352 Cmd: 5 ID: 81-0 ResponseID: 81-0 @7676 ns
NB: Addr: 0x47228 timestamp: 15358 Cmd: 1 ID: 85-0 ResponseID: 0--1 @7679 ns
SB: Addr: 0x43004 timestamp: 15378 Cmd: 4 ID: 82-0 ResponseID: 82-0 @7689 ns
SB: Addr: 0x47228 timestamp: 15560 Cmd: 4 ID: 85-0 ResponseID: 85-0 @7780 ns
NB: Addr: 0x51836 timestamp: 15606 Cmd: 2 ID: 87-0 ResponseID: 0--1 @7803 ns
SB: Addr: 0x51836 timestamp: 15808 Cmd: 5 ID: 87-0 ResponseID: 87-0 @7904 ns
NB: Addr: 0x29884 timestamp: 15930 Cmd: 1 ID: 89-0 ResponseID: 0--1 @7965 ns
SB: Addr: 0x29884 timestamp: 16132 Cmd: 4 ID: 89-0 ResponseID: 89-0 @8066 ns
NB: Addr: 0x57352 timestamp: 16206 Cmd: 1 ID: 91-0 ResponseID: 0--1 @8103 ns
NB: Addr: 0x19096 timestamp: 16306 Cmd: 1 ID: 93-0 ResponseID: 0--1 @8153 ns
NB: Addr: 0x62228 timestamp: 16376 Cmd: 1 ID: 95-0 ResponseID: 0--1 @8188 ns
SB: Addr: 0x57352 timestamp: 16408 Cmd: 4 ID: 91-0 ResponseID: 91-0 @8204 ns
NB: Addr: 0x10136 timestamp: 16468 Cmd: 2 ID: 97-0 ResponseID: 0--1 @8234 ns
NB: Addr: 0x59316 timestamp: 16506 Cmd: 2 ID: 99-0 ResponseID: 0--1 @8253 ns
SB: Addr: 0x19096 timestamp: 16508 Cmd: 4 ID: 93-0 ResponseID: 93-0 @8254 ns
SB: Addr: 0x62228 timestamp: 16578 Cmd: 4 ID: 95-0 ResponseID: 95-0 @8289 ns
SB: Addr: 0x10136 timestamp: 16670 Cmd: 5 ID: 97-0 ResponseID: 97-0 @8335 ns
SB: Addr: 0x59316 timestamp: 16708 Cmd: 5 ID: 99-0 ResponseID: 99-0 @8354 ns
NB: Addr: 0x31068 timestamp: 16964 Cmd: 1 ID: 101-0 ResponseID: 0--1 @8482 ns
NB: Addr: 0x832 timestamp: 17110 Cmd: 1 ID: 103-0 ResponseID: 0--1 @8555 ns
SB: Addr: 0x31068 timestamp: 17166 Cmd: 4 ID: 101-0 ResponseID: 101-0 @8583 ns
SB: Addr: 0x832 timestamp: 17312 Cmd: 4 ID: 103-0 ResponseID: 103-0 @8656 ns
NB: Addr: 0x19376 timestamp: 17718 Cmd: 1 ID: 105-0 ResponseID: 0--1 @8859 ns
NB: Addr: 0x28584 timestamp: 17760 Cmd: 1 ID: 107-0 ResponseID: 0--1 @8880 ns
SB: Addr: 0x19376 timestamp: 17920 Cmd: 4 ID: 105-0 ResponseID: 105-0 @8960 ns
NB: Addr: 0x55732 timestamp: 17952 Cmd: 1 ID: 109-0 ResponseID: 0--1 @8976 ns
SB: Addr: 0x28584 timestamp: 17962 Cmd: 4 ID: 107-0 ResponseID: 107-0 @8981 ns
SB: Addr: 0x55732 timestamp: 18154 Cmd: 4 ID: 109-0 ResponseID: 109-0 @9077 ns
NB: Addr: 0x31996 timestamp: 18260 Cmd: 1 ID: 111-0 ResponseID: 0--1 @9130 ns
NB: Addr: 0x7312 timestamp: 18342 Cmd: 1 ID: 113-0 ResponseID: 0--1 @9171 ns
NB: Addr: 0x15432 timestamp: 18384 Cmd: 1 ID: 115-0 ResponseID: 0--1 @9192 ns
NB: Addr: 0x18932 timestamp: 18422 Cmd: 1 ID: 117-0 ResponseID: 0--1 @9211 ns
SB: Addr: 0x31996 timestamp: 18462 Cmd: 4 ID: 111-0 ResponseID: 111-0 @9231 ns
NB: Addr: 0x15312 timestamp: 18482 Cmd: 1 ID: 118-0 ResponseID: 0--1 @9241 ns
SB: Addr: 0x7312 timestamp: 18544 Cmd: 4 ID: 113-0 ResponseID: 113-0 @9272 ns
SB: Addr: 0x15432 timestamp: 18586 Cmd: 4 ID: 115-0 ResponseID: 115-0 @9293 ns
SB: Addr: 0x18932 timestamp: 18624 Cmd: 4 ID: 117-0 ResponseID: 117-0 @9312 ns
SB: Addr: 0x15312 timestamp: 18684 Cmd: 4 ID: 118-0 ResponseID: 118-0 @9342 ns
NB: Addr: 0x21372 timestamp: 18724 Cmd: 1 ID: 120-0 ResponseID: 0--1 @9362 ns
SB: Addr: 0x21372 timestamp: 18926 Cmd: 4 ID: 120-0 ResponseID: 120-0 @9463 ns
NB: Addr: 0x4856 timestamp: 19218 Cmd: 1 ID: 122-0 ResponseID: 0--1 @9609 ns
NB: Addr: 0x55168 timestamp: 19232 Cmd: 1 ID: 123-0 ResponseID: 0--1 @9616 ns
NB: Addr: 0x39800 timestamp: 19342 Cmd: 1 ID: 125-0 ResponseID: 0--1 @9671 ns
NB: Addr: 0x13484 timestamp: 19420 Cmd: 1 ID: 127-0 ResponseID: 0--1 @9710 ns
SB: Addr: 0x4856 timestamp: 19420 Cmd: 4 ID: 122-0 ResponseID: 122-0 @9710 ns
SB: Addr: 0x55168 timestamp: 19434 Cmd: 4 ID: 123-0 ResponseID: 123-0 @9717 ns
SB: Addr: 0x39800 timestamp: 19544 Cmd: 4 ID: 125-0 ResponseID: 125-0 @9772 ns
NB: Addr: 0x3328 timestamp: 19552 Cmd: 1 ID: 129-0 ResponseID: 0--1 @9776 ns
SB: Addr: 0x13484 timestamp: 19622 Cmd: 4 ID: 127-0 ResponseID: 127-0 @9811 ns
NB: Addr: 0x22924 timestamp: 19702 Cmd: 1 ID: 131-0 ResponseID: 0--1 @9851 ns
SB: Addr: 0x3328 timestamp: 19754 Cmd: 4 ID: 129-0 ResponseID: 129-0 @9877 ns
NB: Addr: 0x45492 timestamp: 19872 Cmd: 1 ID: 133-0 ResponseID: 0--1 @9936 ns
SB: Addr: 0x22924 timestamp: 19904 Cmd: 4 ID: 131-0 ResponseID: 131-0 @9952 ns
SB: Addr: 0x45492 timestamp: 20074 Cmd: 4 ID: 133-0 ResponseID: 133-0 @10037 ns
FINAL STATS:
-----------------------------------------------------------------
- Events at NorthBus                 : 95
- Events at SouthBus                 : 95
- Total Events                       : 190
-----------------------------------------------------------------

Address Histogram:
-----------------------------------------------------------------
Address_Range: Count
- [0-4095]: 7
- [4096-8191]: 6
- [8192-12287]: 5
- [12288-16383]: 5
- [16384-20479]: 8
- [20480-24575]: 7
- [24576-28671]: 5
- [28672-32767]: 7
- [32768-36863]: 8
- [36864-40959]: 5
- [40960-45055]: 6
- [45056-49151]: 7
- [49152-53247]: 5
- [53248-57343]: 6
- [57344-61439]: 4
- [61440-65535]: 4
-----------------------------------------------------------------
- Total_Events_Address: 95
-----------------------------------------------------------------

Access Latency Distribution (ns):
-----------------------------------------------------------------
Min-Latency(ns): 101  Max-Latency(ns): 101  #Bins: 10
-----------------------------------------------------------------
Latency Range(ns): Count
- [101-101]: 95
-----------------------------------------------------------------
- Total_Events_Latency: 95
-----------------------------------------------------------------

