OpenMP Dynamic Test Case
Dynamic vector sum is: 523776.000000
CORE ID: 0 PROCESSED AN EXIT EVENT

Ariel Memory Management Statistics:
Page Table Sizes:
Page Table Coverages:
Simulation is complete, simulated time: 343.911 us
