
Prospero Component Statistics:
------------------------------------------------------------------------
- Completed at:                          1377872 ns
- Cycles with ops issued:                133559 cycles
- Cycles with no ops issued (LS full):   2621981 cycles
------------------------------------------------------------------------
- Reads issued:                          173834
- Writes issued:                         78421
- Split reads issued:                    59
- Split writes issued:                   25
- Bytes read:                            1269669
- Bytes written:                         1142526
------------------------------------------------------------------------
- Bandwidth (read):                      921.471 MB/s
- Bandwidth (written):                   829.196 MB/s
- Bandwidth (combined):                  1.75067 GB/s
- Avr. Read request size:                                7.30 bytes
- Avr. Write request size:                              14.57 bytes
- Avr. Request size:                                     9.56 bytes

Simulation is complete, simulated time: 1.37787 ms
