Counted: 8 threads.
CORE ID: 0 PROCESSED AN EXIT EVENT

Ariel Memory Management Statistics:
Page Table Sizes:
Page Table Coverages:
Simulation is complete, simulated time: 246.11 us
